flutter : Support for Android x86 targets will be removed in the next stable release after 3.27. See 
https://github.com/flutter/flutter/issues/157543 for details.
At line:1 char:28
+ cd C:\Users\firas\lebesty; flutter build apk --debug 2>&1 | Out-File  ...
+                            ~~~~~~~~~~~~~~~~~~~~~~~~~~~~~~
    + CategoryInfo          : NotSpecified: (Support for And...43 for details.:String) [], RemoteException
    + FullyQualifiedErrorId : NativeCommandError
 
Running Gradle task 'assembleDebug'...                          
Your project is configured with Android NDK 26.3.11579264, but the following plugin(s) depend on a different Android 
NDK version:
- app_links requires Android NDK 27.0.12077973
- audio_session requires Android NDK 27.0.12077973
- connectivity_plus requires Android NDK 27.0.12077973
- firebase_core requires Android NDK 27.0.12077973
- firebase_messaging requires Android NDK 27.0.12077973
- flutter_image_compress_common requires Android NDK 27.0.12077973
- flutter_local_notifications requires Android NDK 27.0.12077973
- flutter_plugin_android_lifecycle requires Android NDK 27.0.12077973
- flutter_secure_storage requires Android NDK 27.0.12077973
- geolocator_android requires Android NDK 27.0.12077973
- google_mobile_ads requires Android NDK 27.0.12077973
- google_sign_in_android requires Android NDK 27.0.12077973
- image_picker_android requires Android NDK 27.0.12077973
- just_audio requires Android NDK 27.0.12077973
- path_provider_android requires Android NDK 27.0.12077973
- permission_handler_android requires Android NDK 27.0.12077973
- record_android requires Android NDK 27.0.12077973
- shared_preferences_android requires Android NDK 27.0.12077973
- sign_in_with_apple requires Android NDK 27.0.12077973
- sqflite_android requires Android NDK 27.0.12077973
- url_launcher_android requires Android NDK 27.0.12077973
- webview_flutter_android requires Android NDK 27.0.12077973
Fix this issue by using the highest Android NDK version (they are backward compatible).
Add the following to C:\Users\firas\lebesty\android\app\build.gradle.kts:

    android {
        ndkVersion = "27.0.12077973"
        ...
    }
../AppData/Local/Pub/Cache/hosted/pub.dev/record_linux-0.7.2/lib/record_linux.dart:12:7: Error: The non-abstract class 
'RecordLinux' is missing implementations for these members:
 - RecordMethodChannelPlatformInterface.startStream
Try to either
 - provide an implementation,
 - inherit an implementation from a superclass or mixin,
 - mark the class as abstract, or
 - provide a 'noSuchMethod' implementation.

class RecordLinux extends RecordPlatform {
      ^^^^^^^^^^^
../AppData/Local/Pub/Cache/hosted/pub.dev/record_platform_interface-1.5.0/lib/src/record_platform_interface.dart:46:29:
 Context: 'RecordMethodChannelPlatformInterface.startStream' is defined here.
  Future<Stream<Uint8List>> startStream(String recorderId, RecordConfig config);
                            ^^^^^^^^^^^
../AppData/Local/Pub/Cache/hosted/pub.dev/record_linux-0.7.2/lib/record_linux.dart:36:16: Error: The method 
'RecordLinux.hasPermission' has fewer named arguments than those of overridden method 
'RecordMethodChannelPlatformInterface.hasPermission'.
  Future<bool> hasPermission(String recorderId) {
               ^
../AppData/Local/Pub/Cache/hosted/pub.dev/record_platform_interface-1.5.0/lib/src/record_platform_interface.dart:74:16:
 Context: This is the overridden method ('hasPermission').
  Future<bool> hasPermission(String recorderId, {bool request = true});
               ^
Target kernel_snapshot_program failed: Exception


FAILURE: Build failed with an exception.

* What went wrong:
Execution failed for task ':app:compileFlutterBuildDebug'.
> Process 'command 'C:\dev\flutter\bin\flutter.bat'' finished with non-zero exit value 1

* Try:
> Run with --stacktrace option to get the stack trace.
> Run with --info or --debug option to get more log output.
> Run with --scan to get full insights.
> Get more help at https://help.gradle.org.

BUILD FAILED in 15s
Running Gradle task 'assembleDebug'...                             16.2s
Gradle task assembleDebug failed with exit code 1
